{"ECoG_ch001": {"Delta": 0.02409971332527757, "Theta": 0.002751648980509086, "Alpha": 0.001581301582526992, "Beta": 0.001105882882813178, "Gamma": 0.0008023666358686522},
"ECoG_ch002": {"Delta": 0.014904327188550925, "Theta": 0.0025176948106726497, "Alpha": 0.0012826568194886133, "Beta": 0.0009266037588606185, "Gamma": 0.000651102586341251},
"ECoG_ch003": {"Delta": 0.01434317874284052, "Theta": 0.0023594004064923543, "Alpha": 0.0012211087255803897, "Beta": 0.000784546198494599, "Gamma": 0.0005338759290881387},
"ECoG_ch004": {"Delta": 0.024819876571489093, "Theta": 0.004767542134397061, "Alpha": 0.0023309021479665046, "Beta": 0.0011401354239942197, "Gamma": 0.0007859654861591921},
"ECoG_ch005": {"Delta": 0.0249447075794662, "Theta": 0.0062170461744536975, "Alpha": 0.003247598223822817, "Beta": 0.002089525048834064, "Gamma": 0.001491245137089579},
"ECoG_ch006": {"Delta": 0.023059830885385227, "Theta": 0.005417766465619614, "Alpha": 0.002906880059169583, "Beta": 0.0020054061938898585, "Gamma": 0.0013894368831666776},
"ECoG_ch007": {"Delta": 0.018639635345314376, "Theta": 0.004506143170897671, "Alpha": 0.0024788942634099403, "Beta": 0.0016620198468973752, "Gamma": 0.0011854076205441656},
"ECoG_ch008": {"Delta": 0.01356458135285616, "Theta": 0.003667571650421799, "Alpha": 0.002014239321812095, "Beta": 0.0014756841769445618, "Gamma": 0.0010664203520567156},
"ECoG_ch009": {"Delta": 0.013560246781345098, "Theta": 0.003191680294617274, "Alpha": 0.0016545416457232796, "Beta": 0.0012379429727945304, "Gamma": 0.0008947016549251452},
"ECoG_ch010": {"Delta": 0.013523009443594835, "Theta": 0.0029857592916881837, "Alpha": 0.0014225246472663834, "Beta": 0.0009728560009536077, "Gamma": 0.0006995780322773611},
"ECoG_ch011": {"Delta": 0.01472553296228467, "Theta": 0.0029454051048211573, "Alpha": 0.0014702727632857663, "Beta": 0.00088390830059221, "Gamma": 0.0005944710754964031},
"ECoG_ch012": {"Delta": 0.020690897569255722, "Theta": 0.0037254086842052696, "Alpha": 0.001879483002102247, "Beta": 0.0009834803431447703, "Gamma": 0.000656696071355625},
"ECoG_ch013": {"Delta": 0.027482347364590647, "Theta": 0.005418337666014204, "Alpha": 0.002467822598767012, "Beta": 0.001213096327631346, "Gamma": 0.0007932722623321954},
"ECoG_ch014": {"Delta": 0.03089184944745767, "Theta": 0.007715980501438372, "Alpha": 0.004089535157423441, "Beta": 0.002332894081612421, "Gamma": 0.0017503153020449968},
"ECoG_ch015": {"Delta": 0.021078021831065944, "Theta": 0.005074443258734066, "Alpha": 0.003002882153343474, "Beta": 0.0019091476222192541, "Gamma": 0.0014681920593849717},
"ECoG_ch016": {"Delta": 0.031139199675305478, "Theta": 0.005110212393251901, "Alpha": 0.0027600468679502524, "Beta": 0.001728079329824669, "Gamma": 0.0012347452438588628},
"ECoG_ch017": {"Delta": 0.02804745933084499, "Theta": 0.0041774650343816165, "Alpha": 0.0020411775554797177, "Beta": 0.0013531531171671648, "Gamma": 0.0009926380669997745},
"ECoG_ch018": {"Delta": 0.020920244111000606, "Theta": 0.003921315657052484, "Alpha": 0.0017997607891421686, "Beta": 0.0012649482125800613, "Gamma": 0.0009241263834910372},
"ECoG_ch019": {"Delta": 0.01524654250587431, "Theta": 0.0034952668117670463, "Alpha": 0.0015995328135424453, "Beta": 0.0010601739342819948, "Gamma": 0.0007704907425343232},
"ECoG_ch020": {"Delta": 0.015504340910333496, "Theta": 0.0033014981755021123, "Alpha": 0.001584324044675262, "Beta": 0.0009725464792061957, "Gamma": 0.0006892122189893743},
"ECoG_ch021": {"Delta": 0.02146225239794151, "Theta": 0.0035684035894161365, "Alpha": 0.0019058993685253274, "Beta": 0.001055610036239354, "Gamma": 0.0007170634739768702},
"ECoG_ch022": {"Delta": 0.02550373054364817, "Theta": 0.005626410757115729, "Alpha": 0.0026638858386610637, "Beta": 0.0013868795920609948, "Gamma": 0.0009282461063047887},
"ECoG_ch023": {"Delta": 0.03737696291187557, "Theta": 0.004596579583744881, "Alpha": 0.00281287567971947, "Beta": 0.001665977727536443, "Gamma": 0.0013722828276617768},
"ECoG_ch024": {"Delta": 0.033782169692644956, "Theta": 0.004800237705515109, "Alpha": 0.002856396462676067, "Beta": 0.0016831951921025315, "Gamma": 0.0013534255171551604},
"ECoG_ch025": {"Delta": 0.04286538186868416, "Theta": 0.008903272694080365, "Alpha": 0.003924800108838215, "Beta": 0.001977006675369174, "Gamma": 0.0015923023070718266},
"ECoG_ch026": {"Delta": 0.02560634448678215, "Theta": 0.005224950236587818, "Alpha": 0.002843931558515691, "Beta": 0.0016500184036136727, "Gamma": 0.0012971335988006029},
"ECoG_ch027": {"Delta": 0.03701107205665988, "Theta": 0.0042749803175413095, "Alpha": 0.0023956479811517704, "Beta": 0.0015294894676068126, "Gamma": 0.001130991144234233},
"ECoG_ch028": {"Delta": 0.03148922204779063, "Theta": 0.004278641857521423, "Alpha": 0.0021361653959125356, "Beta": 0.0014009448136741947, "Gamma": 0.0010430744009502155},
"ECoG_ch029": {"Delta": 0.02975073654511865, "Theta": 0.004245989689994673, "Alpha": 0.001991827424478721, "Beta": 0.0013220737699588632, "Gamma": 0.0009736474569825902},
"ECoG_ch030": {"Delta": 0.02236948750750909, "Theta": 0.0038575240756179283, "Alpha": 0.0017898354316288774, "Beta": 0.0011908959204354331, "Gamma": 0.0008758101866589393},
"ECoG_ch031": {"Delta": 0.017367323053042734, "Theta": 0.003246368688350576, "Alpha": 0.0016548229171982746, "Beta": 0.00107494969293503, "Gamma": 0.0007758093085009173},
"ECoG_ch032": {"Delta": 0.015400453743015779, "Theta": 0.0026993176608857334, "Alpha": 0.0015513664453080617, "Beta": 0.0010116537704055026, "Gamma": 0.0007235536387936757},
"ECoG_ch033": {"Delta": 0.017856572660329716, "Theta": 0.0031398963465330792, "Alpha": 0.0018262192745961507, "Beta": 0.001255127552752916, "Gamma": 0.0008883096923272688},
"ECoG_ch034": {"Delta": 0.11565820293727283, "Theta": 0.03700394829456109, "Alpha": 0.014682335340560158, "Beta": 0.005885124729573305, "Gamma": 0.0022388991535456405},
"ECoG_ch035": {"Delta": 0.0338139360727423, "Theta": 0.007092501190847475, "Alpha": 0.0034520792777045974, "Beta": 0.0019141308337222028, "Gamma": 0.0015209527026293335},
"ECoG_ch036": {"Delta": 0.027791105239679474, "Theta": 0.007158207042874636, "Alpha": 0.0037781045400201814, "Beta": 0.0019147372774915219, "Gamma": 0.0015395871371029393},
"ECoG_ch037": {"Delta": 0.03580903808105102, "Theta": 0.005900300063513663, "Alpha": 0.003345535781939173, "Beta": 0.0018342942130651428, "Gamma": 0.0014395005245231352},
"ECoG_ch038": {"Delta": 0.04309577441908346, "Theta": 0.005294905801686688, "Alpha": 0.0029845864199490083, "Beta": 0.0017227373590173838, "Gamma": 0.0013105967134567364},
"ECoG_ch039": {"Delta": 0.034529519495503654, "Theta": 0.0048071523024738475, "Alpha": 0.002368920269203537, "Beta": 0.001550417908141189, "Gamma": 0.0012327994001096044},
"ECoG_ch040": {"Delta": 0.03121297894486583, "Theta": 0.004435768588479725, "Alpha": 0.0021145331880683474, "Beta": 0.0014331451924415762, "Gamma": 0.0011176193453794766},
"ECoG_ch041": {"Delta": 0.02914582197891538, "Theta": 0.0042309495727475156, "Alpha": 0.002039055966490026, "Beta": 0.0013615781287354364, "Gamma": 0.0010211669719838404},
"ECoG_ch042": {"Delta": 0.021043324204401723, "Theta": 0.0035420489162290964, "Alpha": 0.0017981979684754054, "Beta": 0.0011778192612585889, "Gamma": 0.0008753980575210632},
"ECoG_ch043": {"Delta": 0.018096268834579713, "Theta": 0.0033144613897997752, "Alpha": 0.0018619708396511014, "Beta": 0.0011690718721101378, "Gamma": 0.000889486239074908},
"ECoG_ch044": {"Delta": 0.017858070540968867, "Theta": 0.0035229881941009713, "Alpha": 0.002063625960873537, "Beta": 0.0012173290581267214, "Gamma": 0.0009637240135506451},
"ECoG_ch045": {"Delta": 0.04288127512806078, "Theta": 0.010134334095431888, "Alpha": 0.004545404727561334, "Beta": 0.0024354893495374887, "Gamma": 0.0019024326690538242},
"ECoG_ch046": {"Delta": 0.04049949846748029, "Theta": 0.008752548816155049, "Alpha": 0.004282118300618725, "Beta": 0.0025511362022265925, "Gamma": 0.0023317914476567642},
"ECoG_ch047": {"Delta": 0.04868191724921181, "Theta": 0.009166356569130028, "Alpha": 0.004301734075142342, "Beta": 0.0026684720361393353, "Gamma": 0.0024718216351769942},
"ECoG_ch048": {"Delta": 0.04746495875223396, "Theta": 0.007592572172313561, "Alpha": 0.0038503135508748424, "Beta": 0.0026540801477032555, "Gamma": 0.0022919690500705562},
"ECoG_ch049": {"Delta": 0.052125943467541375, "Theta": 0.007675757189702944, "Alpha": 0.004518860866739214, "Beta": 0.00275598191281923, "Gamma": 0.002422659297198131},
"ECoG_ch050": {"Delta": 0.049932528683774485, "Theta": 0.007117137901458031, "Alpha": 0.003966426734043425, "Beta": 0.002445363603789741, "Gamma": 0.002140454242176181},
"ECoG_ch051": {"Delta": 0.04721273757498788, "Theta": 0.006980530927613044, "Alpha": 0.003554530979636676, "Beta": 0.0020785593802174064, "Gamma": 0.0016350216684980754},
"ECoG_ch052": {"Delta": 0.060635449331963735, "Theta": 0.013303442028573647, "Alpha": 0.007849849010720793, "Beta": 0.003832981131877527, "Gamma": 0.0030477585570141052},
"ECoG_ch053": {"Delta": 0.05492854084430987, "Theta": 0.01338906150482319, "Alpha": 0.009429940112689474, "Beta": 0.0038765815552870894, "Gamma": 0.0029814126887137515},
"ECoG_ch054": {"Delta": 0.050189086171800165, "Theta": 0.011861035197325016, "Alpha": 0.00800552540341023, "Beta": 0.0034128723684708094, "Gamma": 0.0027680717875553334},
"ECoG_ch055": {"Delta": 0.04768365074668932, "Theta": 0.010153294864330814, "Alpha": 0.006862699470031868, "Beta": 0.0029170502130875784, "Gamma": 0.002435020529337739},
"ECoG_ch056": {"Delta": 0.05038842604054113, "Theta": 0.017724881604007165, "Alpha": 0.007619543333291571, "Beta": 0.003499251571864138, "Gamma": 0.002631604924245957},
"ECoG_ch057": {"Delta": 0.047992104043220435, "Theta": 0.014883635190477452, "Alpha": 0.006080196893958564, "Beta": 0.002971212971501347, "Gamma": 0.0024999738805079118},
"ECoG_ch058": {"Delta": 0.05852374105562626, "Theta": 0.013768545542083807, "Alpha": 0.006063072536032129, "Beta": 0.003054295797394953, "Gamma": 0.0025698811855277386},
"ECoG_ch059": {"Delta": 0.06154221633612384, "Theta": 0.012517552278487313, "Alpha": 0.006485500229802972, "Beta": 0.0032650183606712357, "Gamma": 0.002337120901705947},
"ECoG_ch060": {"Delta": 0.05639140831943946, "Theta": 0.011479633072818551, "Alpha": 0.007233988251571699, "Beta": 0.00318033154615041, "Gamma": 0.0022855788649554115},
"ECoG_ch061": {"Delta": 0.05577720175790811, "Theta": 0.012246061640584914, "Alpha": 0.008618664307197453, "Beta": 0.003460189514453003, "Gamma": 0.002552792775854838},
"ECoG_ch062": {"Delta": 0.05083541545321706, "Theta": 0.012626148232329541, "Alpha": 0.00988675706450611, "Beta": 0.0038965758679857672, "Gamma": 0.0030672889965353586},
"ECoG_ch063": {"Delta": 0.05800278074402445, "Theta": 0.023591241814741138, "Alpha": 0.007406498995582627, "Beta": 0.0029722371905404705, "Gamma": 0.002259702820807961},
"ECoG_ch064": {"Delta": 0.04805242043452685, "Theta": 0.01721070136639807, "Alpha": 0.0060949343510576385, "Beta": 0.0027971632191724897, "Gamma": 0.0022503358619517856},
"ECoG_ch065": {"Delta": 0.0557193188200108, "Theta": 0.015582561981181403, "Alpha": 0.0056941605463908095, "Beta": 0.0029102677321298665, "Gamma": 0.0021585868557057954},
"ECoG_ch066": {"Delta": 0.04316505301355264, "Theta": 0.01279412934358928, "Alpha": 0.005183886847086554, "Beta": 0.0028336543002592802, "Gamma": 0.0019408532080523485},
"ECoG_ch067": {"Delta": 0.042112927480861144, "Theta": 0.010833831808778508, "Alpha": 0.004610863123521296, "Beta": 0.0023458918538254003, "Gamma": 0.0016325106049064149},
"ECoG_ch068": {"Delta": 0.05486196847006041, "Theta": 0.013480613996794545, "Alpha": 0.005437089465774382, "Beta": 0.0025928247161099687, "Gamma": 0.0018744864323473728},
"ECoG_ch069": {"Delta": 0.05944317891681614, "Theta": 0.014023276570116023, "Alpha": 0.00628200566106093, "Beta": 0.0028076341597818447, "Gamma": 0.0018897428452525414},
"ECoG_ch070": {"Delta": 0.06756300986776048, "Theta": 0.016847627239251692, "Alpha": 0.00817042809123825, "Beta": 0.0033257718417929057, "Gamma": 0.001958177165345654},
"ECoG_ch071": {"Delta": 0.0721721915895213, "Theta": 0.017986511635062596, "Alpha": 0.008259579625463172, "Beta": 0.003458604833276614, "Gamma": 0.0019306606374880578},
"ECoG_ch072": {"Delta": 0.07104432148409544, "Theta": 0.018497758605620307, "Alpha": 0.007458099923613159, "Beta": 0.0030054150284233214, "Gamma": 0.001610390340446586},
"ECoG_ch073": {"Delta": 0.04363987921057635, "Theta": 0.01047651315763926, "Alpha": 0.004777330503581629, "Beta": 0.002351134346191633, "Gamma": 0.0015759269228301433},
"ECoG_ch074": {"Delta": 0.04263356504941554, "Theta": 0.009662662679436365, "Alpha": 0.004705134490544826, "Beta": 0.0021056031987800035, "Gamma": 0.0011455814236675846},
"ECoG_ch075": {"Delta": 0.03530655321656769, "Theta": 0.0077855627346567115, "Alpha": 0.003990281198842025, "Beta": 0.001872155235568745, "Gamma": 0.0010912151966640856},
"ECoG_ch076": {"Delta": 0.031835137884664425, "Theta": 0.007307708375727898, "Alpha": 0.00382305938510444, "Beta": 0.0018402433745760497, "Gamma": 0.0011536630017538647},
"ECoG_ch077": {"Delta": 0.02902287430731637, "Theta": 0.007583629797257876, "Alpha": 0.003511812923588705, "Beta": 0.0018816988604588387, "Gamma": 0.001277361210316417},
"ECoG_ch078": {"Delta": 0.027200788942297466, "Theta": 0.007631434366200557, "Alpha": 0.003291913430371013, "Beta": 0.0019913488804114013, "Gamma": 0.0014744658859284251},
"ECoG_ch079": {"Delta": 0.02661956087901463, "Theta": 0.007732060021714577, "Alpha": 0.003194344402942261, "Beta": 0.0019215154310487715, "Gamma": 0.0014409528547797837},
"ECoG_ch080": {"Delta": 0.04321217353201568, "Theta": 0.009544824910130544, "Alpha": 0.004294278046419599, "Beta": 0.0021261551869825, "Gamma": 0.0014659576900627744},
"ECoG_ch081": {"Delta": 0.04382772396960027, "Theta": 0.009811824627102943, "Alpha": 0.004661188519188168, "Beta": 0.0020885871937128308, "Gamma": 0.0014009542566876764},
"ECoG_ch082": {"Delta": 0.05780449210475416, "Theta": 0.011773045570236512, "Alpha": 0.00596199882234786, "Beta": 0.002451943209731221, "Gamma": 0.0015410493752515623},
"ECoG_ch083": {"Delta": 0.06924642091540886, "Theta": 0.01450509953893338, "Alpha": 0.006994655357211478, "Beta": 0.0027907368649137346, "Gamma": 0.0015897109148295587},
"ECoG_ch084": {"Delta": 0.05802959476921917, "Theta": 0.014065218171018695, "Alpha": 0.005954861022517842, "Beta": 0.0024705158427922543, "Gamma": 0.0013556843464397877},
"ECoG_ch085": {"Delta": 0.049257687526257615, "Theta": 0.011207869673420294, "Alpha": 0.0048289570684938, "Beta": 0.002114276254621397, "Gamma": 0.001151935021427919},
"ECoG_ch086": {"Delta": 0.04234167908274701, "Theta": 0.009165864427392983, "Alpha": 0.004273724518897046, "Beta": 0.001984690496703268, "Gamma": 0.0010953699252125987},
"ECoG_ch087": {"Delta": 0.03611102151886898, "Theta": 0.007674921147572004, "Alpha": 0.003816428499790953, "Beta": 0.0018848482155160726, "Gamma": 0.001039566149150413},
"ECoG_ch088": {"Delta": 0.02909236375823498, "Theta": 0.006775873898599576, "Alpha": 0.003623119418987066, "Beta": 0.001859219260208503, "Gamma": 0.001055966020320015},
"ECoG_ch089": {"Delta": 0.026710791234132038, "Theta": 0.0069764984738581405, "Alpha": 0.0035032343850549155, "Beta": 0.0018514345017605022, "Gamma": 0.0011269389905996844},
"ECoG_ch090": {"Delta": 0.027524186501116866, "Theta": 0.0073554936611247655, "Alpha": 0.0032281263156468897, "Beta": 0.0018732471807809395, "Gamma": 0.0012241603092563536},
"ECoG_ch091": {"Delta": 0.026021032541295806, "Theta": 0.007520727216848546, "Alpha": 0.0032348552628796334, "Beta": 0.001901093073525691, "Gamma": 0.0012817964323757},
"ECoG_ch092": {"Delta": 0.05579929044492621, "Theta": 0.014884514186224775, "Alpha": 0.005777553364118471, "Beta": 0.003212658821985186, "Gamma": 0.0021922187206476116},
"ECoG_ch093": {"Delta": 0.055302087039404584, "Theta": 0.013311469448384636, "Alpha": 0.005765682734897275, "Beta": 0.0030917087555090584, "Gamma": 0.002407984462683444},
"ECoG_ch094": {"Delta": 0.05155152225148036, "Theta": 0.01286569061865022, "Alpha": 0.00586505455400976, "Beta": 0.003026272058745356, "Gamma": 0.0022632006928771874},
"ECoG_ch095": {"Delta": 0.048705161094914566, "Theta": 0.012205312500153422, "Alpha": 0.006308531843905584, "Beta": 0.0028545958822025477, "Gamma": 0.0019651781306429424},
"ECoG_ch096": {"Delta": 0.055662571307628604, "Theta": 0.01645880864202923, "Alpha": 0.008472765417110287, "Beta": 0.0033639881125693935, "Gamma": 0.0019290948527703133},
"ECoG_ch097": {"Delta": 0.05370193203265377, "Theta": 0.015927872804816865, "Alpha": 0.0073601364102425905, "Beta": 0.0031611695183189014, "Gamma": 0.0018895692248157893},
"ECoG_ch098": {"Delta": 0.054999956243408615, "Theta": 0.012706333434898645, "Alpha": 0.00621524494778987, "Beta": 0.0024865378813393015, "Gamma": 0.0013181667630063302},
"ECoG_ch099": {"Delta": 0.04331972374463085, "Theta": 0.00856301479306253, "Alpha": 0.003975591208860305, "Beta": 0.0018470850902328679, "Gamma": 0.0010276165656245824},
"ECoG_ch100": {"Delta": 0.038010841847972036, "Theta": 0.007083118279546543, "Alpha": 0.0035488556224633535, "Beta": 0.0018493258852749289, "Gamma": 0.0009833512863367474},
"ECoG_ch101": {"Delta": 0.03191213783346823, "Theta": 0.006807716897300858, "Alpha": 0.0038387768613773084, "Beta": 0.002085089252462784, "Gamma": 0.001078680212593427},
"ECoG_ch102": {"Delta": 0.02722757903759946, "Theta": 0.007147181144252846, "Alpha": 0.004020697460577203, "Beta": 0.002126578872253924, "Gamma": 0.0011000718328235462},
"ECoG_ch103": {"Delta": 0.02817590623738568, "Theta": 0.0071683892803341654, "Alpha": 0.0033722024756993245, "Beta": 0.0020249309052878814, "Gamma": 0.0011947547739183883},
"ECoG_ch104": {"Delta": 0.027497788629491385, "Theta": 0.007381276297841113, "Alpha": 0.00346258009708729, "Beta": 0.0020462027636499684, "Gamma": 0.0012011686688503396},
"ECoG_ch105": {"Delta": 0.044213344546608184, "Theta": 0.0122044857845237, "Alpha": 0.005383728063692861, "Beta": 0.0033191152023951277, "Gamma": 0.0025070110564073935},
"ECoG_ch106": {"Delta": 0.04369863887269821, "Theta": 0.010684521498750115, "Alpha": 0.004911121791520778, "Beta": 0.002796031651235483, "Gamma": 0.002144719576728087},
"ECoG_ch107": {"Delta": 0.043102575089983136, "Theta": 0.010238320985098354, "Alpha": 0.004840404792214299, "Beta": 0.002631903051548381, "Gamma": 0.0018738350421865766},
"ECoG_ch108": {"Delta": 0.035625093682065984, "Theta": 0.009010829933855788, "Alpha": 0.004680253738201552, "Beta": 0.0024960221588552415, "Gamma": 0.0017874666280509868},
"ECoG_ch109": {"Delta": 0.04339604665541918, "Theta": 0.00788353458854914, "Alpha": 0.0034566634177427727, "Beta": 0.0016168788179109874, "Gamma": 0.0009346327044243156},
"ECoG_ch110": {"Delta": 0.0385894671348117, "Theta": 0.006909236919211497, "Alpha": 0.003286667354962392, "Beta": 0.0016045998026720223, "Gamma": 0.0009031832124885254},
"ECoG_ch111": {"Delta": 0.03192455882543352, "Theta": 0.006854574491354126, "Alpha": 0.003724706299934553, "Beta": 0.0019968601301801805, "Gamma": 0.0010678126640491677},
"ECoG_ch112": {"Delta": 0.030040635647446724, "Theta": 0.007395082725772548, "Alpha": 0.004007162707909924, "Beta": 0.0021559751370252476, "Gamma": 0.0011049910092362967},
"ECoG_ch113": {"Delta": 0.027874713252135273, "Theta": 0.0072240511460195285, "Alpha": 0.0036257395937288506, "Beta": 0.0021054408048877394, "Gamma": 0.0011542555108946596},
"ECoG_ch114": {"Delta": 0.028566108594523985, "Theta": 0.00763572582014428, "Alpha": 0.003785130280533524, "Beta": 0.00219538781653024, "Gamma": 0.0011912636645724853},
"ECoG_ch115": {"Delta": 0.02980995625395346, "Theta": 0.006871383500268613, "Alpha": 0.0035433580511838613, "Beta": 0.0017476417195412127, "Gamma": 0.0010539497671902234},
"ECoG_ch116": {"Delta": 0.029584249295745227, "Theta": 0.006723058261803633, "Alpha": 0.003230533039680823, "Beta": 0.001678258482237847, "Gamma": 0.001019504862178425},
"ECoG_ch117": {"Delta": 0.030338433507855946, "Theta": 0.007848379616115252, "Alpha": 0.003676340934045317, "Beta": 0.0018903508862268558, "Gamma": 0.0010968791338137544},
"ECoG_ch118": {"Delta": 0.03220088980698358, "Theta": 0.00799204397721993, "Alpha": 0.003671491207906411, "Beta": 0.0018860731803861594, "Gamma": 0.0011517491123706578},
"ECoG_ch119": {"Delta": 0.03379268651055271, "Theta": 0.00917559081979034, "Alpha": 0.003914892463266795, "Beta": 0.0019061467773327848, "Gamma": 0.001216786246557782},
"ECoG_ch120": {"Delta": 0.036354980254707965, "Theta": 0.009102931666557165, "Alpha": 0.004080421177136762, "Beta": 0.0019500506267046789, "Gamma": 0.0013255407504938008},
"ECoG_ch121": {"Delta": 0.03747253940067334, "Theta": 0.0092493394621635, "Alpha": 0.004311158022651362, "Beta": 0.002124462823868503, "Gamma": 0.0014420377193705227},
"ECoG_ch122": {"Delta": 0.046159630942763936, "Theta": 0.010678614606012821, "Alpha": 0.005861629865811873, "Beta": 0.0026572985241843806, "Gamma": 0.0015222687296844147},
"ECoG_ch123": {"Delta": 0.03767582915050756, "Theta": 0.009061016853517406, "Alpha": 0.004328752961913133, "Beta": 0.0020331024667498013, "Gamma": 0.001260545292357899},
"ECoG_ch124": {"Delta": 0.045807571656042705, "Theta": 0.010296206913260029, "Alpha": 0.005504508712225645, "Beta": 0.0024077274768802776, "Gamma": 0.0014430926980253918},
"ECoG_ch125": {"Delta": 0.033827356587275786, "Theta": 0.008273239136782864, "Alpha": 0.004102001900942695, "Beta": 0.0018927637001034158, "Gamma": 0.0012341617167838264},
"ECoG_ch126": {"Delta": 0.04047646696493037, "Theta": 0.009543576602962503, "Alpha": 0.005402194537267747, "Beta": 0.002278803364129495, "Gamma": 0.001423887529841834},
"ECoG_ch127": {"Delta": 0.03125771144582813, "Theta": 0.0071299009855120095, "Alpha": 0.003340458022885358, "Beta": 0.0017267403453360426, "Gamma": 0.001204281806244196},
"ECoG_ch128": {"Delta": 0.035752123416063285, "Theta": 0.00834254745691601, "Alpha": 0.0043097836644920996, "Beta": 0.002031554302982472, "Gamma": 0.0013861371958277275}}